275348 -14367.3 -13855.8 -13764.2 -14081.5 -14399.2 -67638.9 -67100.4 -14072.1 -14367.3 -13855.8 -13764.2 -14081.5
519578 -27479.6 -26749.2 -26672.3 -27316.1 -27435.1 -124232 -124172 -27304.6 -27479.6 -26749.2 -26672.3 -27316.1
713733 -37651 -38119.2 -38133.9 -39227.4 -37091.5 -165244 -165909 -39224.8 -37651 -38119.2 -38133.9 -39227.4
877446 -45720.2 -47710.3 -47930.4 -49880.2 -44594.3 -199607 -200879 -49978.2 -45720.2 -47710.3 -47930.4 -49880.2
1.02297e+06 -52347.5 -55994.4 -56385.7 -59432.6 -50507.7 -231300 -233323 -59632.1 -52347.5 -55994.4 -56385.7 -59432.6
1.15529e+06 -58019.6 -63198.9 -63901.3 -67929.4 -55623.5 -261240 -264262 -68181.1 -58019.6 -63198.9 -63901.3 -67929.4
1.27759e+06 -63398.6 -69758.6 -70645.4 -75695.9 -60423.3 -289209 -292957 -76049.9 -63398.6 -69758.6 -70645.4 -75695.9
1.39223e+06 -68417 -75564.6 -76816.2 -82862.7 -64795 -316225 -320670 -83297.5 -68417 -75564.6 -76816.2 -82862.7
1.5001e+06 -73044.3 -80873.1 -82378.3 -89439.9 -68866.3 -342153 -347697 -90004.1 -73044.3 -80873.1 -82378.3 -89439.9
1.60182e+06 -77359.9 -85896 -87716.5 -95461.6 -72791.1 -367011 -373167 -96054.3 -77359.9 -85896 -87716.5 -95461.6
1.69841e+06 -81509.5 -90560 -92542.2 -101163 -76580.8 -390847 -397693 -101770 -81509.5 -90560 -92542.2 -101163
1.79068e+06 -85530 -95129.6 -97223.6 -106554 -80162.5 -413508 -420907 -107248 -85530 -95129.6 -97223.6 -106554
1.87658e+06 -89314.4 -99543.7 -101863 -112379 -83802 -435272 -443815 -113167 -89314.4 -99543.7 -101863 -112379
1.91807e+06 -94643.5 -102350 -101680 -111612 -89526.3 -449113 -446594 -112331 -94643.5 -102350 -101680 -111612
1.98637e+06 -97873.3 -104154 -105873 -116136 -91919.7 -462556 -466707 -117122 -97873.3 -104154 -105873 -116136
2.02467e+06 -99155.2 -106540 -107762 -117365 -93669 -472901 -478297 -118162 -99155.2 -106540 -107762 -117365
2.08265e+06 -98724.2 -109476 -111256 -120903 -93395.8 -490393 -496432 -121708 -98724.2 -109476 -111256 -120903
2.14693e+06 -102813 -112324 -114113 -123803 -96704.9 -507261 -512151 -124711 -102813 -112324 -114113 -123803
2.20879e+06 -106371 -115433 -116880 -126299 -100043 -524108 -527446 -127230 -106371 -115433 -116880 -126299
2.21633e+06 -110356 -112087 -117765 -126472 -105390 -511456 -539638 -126506 -110356 -112087 -117765 -126472
2.25242e+06 -113276 -112204 -121513 -124677 -107798 -518330 -557806 -125158 -113276 -112204 -121513 -124677
2.30498e+06 -116256 -114461 -124196 -126806 -110614 -531306 -572476 -127251 -116256 -114461 -124196 -126806
2.32545e+06 -118405 -115818 -124570 -126912 -112707 -539669 -573714 -128015 -118405 -115818 -124570 -126912
2.31044e+06 -119458 -115780 -121639 -125512 -113297 -541407 -564899 -126062 -119458 -115780 -121639 -125512
2.3413e+06 -123270 -117902 -120859 -127212 -116788 -553132 -565124 -127777 -123270 -117902 -120859 -127212
2.38523e+06 -125208 -120036 -123072 -129058 -118702 -564877 -577462 -129443 -125208 -120036 -123072 -129058
2.41413e+06 -123300 -121312 -125380 -131386 -116505 -573891 -589063 -131929 -123300 -121312 -125380 -131386
2.45291e+06 -127621 -122814 -127198 -132622 -121189 -582108 -595968 -133141 -127621 -122814 -127198 -132622
2.49286e+06 -130152 -125230 -129764 -134427 -124127 -593078 -601575 -134933 -130152 -125230 -129764 -134427
2.53566e+06 -132908 -128226 -132506 -136630 -126973 -599290 -611702 -137062 -132908 -128226 -132506 -136630
2.56816e+06 -135983 -130202 -134078 -136991 -129503 -606302 -620529 -137319 -135983 -130202 -134078 -136991
2.6095e+06 -139018 -132104 -135929 -138328 -132436 -616559 -630864 -138885 -139018 -132104 -135929 -138328
2.64155e+06 -142367 -134816 -138301 -131221 -135644 -631090 -644156 -137139 -142367 -134816 -138301 -131221
2.67792e+06 -144603 -136878 -139298 -133586 -137851 -641861 -650343 -139135 -144603 -136878 -139298 -133586
2.71687e+06 -146770 -138517 -141268 -135762 -140017 -650838 -660689 -140694 -146770 -138517 -141268 -135762
2.75471e+06 -148454 -140273 -143430 -137155 -141677 -660457 -672024 -141925 -148454 -140273 -143430 -137155
2.79545e+06 -149996 -142328 -145589 -138932 -143103 -671543 -683412 -143704 -149996 -142328 -145589 -138932
2.83258e+06 -151782 -144162 -147522 -140415 -145102 -681146 -693420 -145211 -151782 -144162 -147522 -140415
2.8658e+06 -153502 -145792 -149302 -141671 -147473 -689575 -701737 -146493 -153502 -145792 -149302 -141671
2.89351e+06 -154954 -147322 -150683 -142769 -149283 -696026 -709151 -147602 -154954 -147322 -150683 -142769
2.91884e+06 -156715 -148853 -151949 -143125 -150813 -702494 -716287 -147959 -156715 -148853 -151949 -143125
2.90851e+06 -159190 -150775 -148832 -139450 -153011 -712855 -701988 -144162 -159190 -150775 -148832 -139450
2.53351e+06 -142082 -136084 -124166 -117210 -136758 -645788 -590125 -121751 -142082 -136084 -124166 -117210
1.76997e+06 -92545.1 -96455.7 -90153.1 -102994 -86786.8 -420215 -394634 -104221 -92545.1 -96455.7 -90153.1 -102994
1.76601e+06 -91843.6 -94928.4 -89418.4 -105578 -86010.2 -413919 -395749 -106800 -91843.6 -94928.4 -89418.4 -105578
1.82764e+06 -95625.6 -98495.7 -88356.1 -108996 -90039.2 -433359 -411054 -110245 -95625.6 -98495.7 -88356.1 -108996
1.8867e+06 -99374.3 -101379 -90660.2 -111600 -92994 -450045 -424755 -112877 -99374.3 -101379 -90660.2 -111600
1.95557e+06 -102898 -104623 -93968.1 -114754 -96343.7 -467987 -442717 -116041 -102898 -104623 -93968.1 -114754
2.02163e+06 -106275 -107659 -97168.7 -117677 -99745.8 -485258 -460135 -118972 -106275 -107659 -97168.7 -117677
2.0786e+06 -109408 -110241 -99874.1 -120145 -102773 -500015 -475038 -121432 -109408 -110241 -99874.1 -120145
2.13628e+06 -112714 -112881 -102378 -122927 -105997 -514970 -489299 -124210 -112714 -112881 -102378 -122927
2.18412e+06 -112885 -115530 -105198 -125255 -106719 -529787 -503350 -126525 -112885 -115530 -105198 -125255
2.24004e+06 -116495 -118324 -108268 -126587 -109618 -544959 -518335 -127776 -116495 -118324 -108268 -126587
2.28877e+06 -119350 -120774 -111618 -129500 -112016 -556940 -526628 -130694 -119350 -120774 -111618 -129500
2.32837e+06 -121618 -123015 -115210 -132432 -114479 -562697 -533082 -133590 -121618 -123015 -115210 -132432
2.37718e+06 -125066 -125489 -118053 -133841 -117862 -572308 -547110 -134986 -125066 -125489 -118053 -133841
2.4339e+06 -128428 -128297 -120957 -136294 -121116 -586348 -561261 -137226 -128428 -128297 -120957 -136294
2.48757e+06 -131714 -131055 -123352 -138774 -124377 -600038 -573397 -139961 -131714 -131055 -123352 -138774
2.54061e+06 -135265 -133923 -126028 -139209 -127745 -614391 -586481 -142981 -135265 -133923 -126028 -139209
2.59184e+06 -138264 -136591 -128440 -141213 -130701 -628026 -598791 -145310 -138264 -136591 -128440 -141213
2.65001e+06 -141520 -139554 -131536 -143242 -133905 -642736 -613892 -147770 -141520 -139554 -131536 -143242
2.7054e+06 -144786 -142526 -134389 -144842 -137090 -657531 -628142 -149343 -144786 -142526 -134389 -144842
2.75474e+06 -147766 -145241 -136962 -146021 -140065 -671060 -641304 -150325 -147766 -145241 -136962 -146021
2.80738e+06 -150013 -148012 -139893 -147908 -142166 -685028 -656545 -151986 -150013 -148012 -139893 -147908
2.85179e+06 -152793 -150370 -142072 -149031 -144604 -696900 -668905 -152856 -152793 -150370 -142072 -149031
2.89042e+06 -154412 -152304 -144320 -150041 -146637 -706592 -681444 -153631 -154412 -152304 -144320 -150041
2.88865e+06 -155565 -150210 -148541 -146428 -136524 -697033 -703513 -150094 -155565 -150210 -148541 -146428
2.63291e+06 -148086 -135145 -145429 -134584 -56749.5 -625002 -686278 -138401 -148086 -135145 -145429 -134584
1.93662e+06 -95732.8 -96953.3 -103170 -108411 -137362 -434269 -449867 -106574 -95732.8 -96953.3 -103170 -108411
1.89542e+06 -95300.8 -95998.6 -99086.3 -106948 -137343 -429029 -429241 -105429 -95300.8 -95998.6 -99086.3 -106948
