275348 0.00135576 0.00320701 0.00474643 0.0056
519578 0.00274816 0.00651828 0.00956821 0.0112
713733 0.00420491 0.00994909 0.0144876 0.0168
877446 0.00569758 0.0134039 0.0194329 0.0224
1.02297e+06 0.00721176 0.0168792 0.0243966 0.028
1.15529e+06 0.00873644 0.0203676 0.0293797 0.0336
1.27759e+06 0.0102573 0.0238624 0.0343647 0.0392
1.39223e+06 0.0117609 0.0273459 0.0393544 0.0448
1.5001e+06 0.0132728 0.0308435 0.0443461 0.0504
1.60182e+06 0.0147798 0.0343398 0.0493401 0.056
1.69841e+06 0.0162786 0.0378291 0.0543359 0.0616
1.79068e+06 0.0177724 0.0413187 0.0593327 0.0672
1.87658e+06 0.0192556 0.0447874 0.064323 0.0728
1.91807e+06 0.0212685 0.0491076 0.0696 0.0784
1.98637e+06 0.0227571 0.052641 0.0746777 0.084
2.02467e+06 0.0237435 0.0558292 0.079836 0.0896
2.08265e+06 0.0252436 0.0594887 0.0849934 0.0952
2.14693e+06 0.0266618 0.0630306 0.0900871 0.1008
2.20879e+06 0.0282209 0.0667206 0.0951811 0.1064
2.21633e+06 0.0304214 0.0714074 0.100628 0.112
2.25242e+06 0.0322348 0.0755082 0.105891 0.1176
2.30498e+06 0.0337183 0.0791192 0.111008 0.1232
2.32545e+06 0.0350562 0.0827036 0.116279 0.1288
2.31044e+06 0.0358931 0.086043 0.121711 0.1344
2.3413e+06 0.0374068 0.0900197 0.126942 0.14
2.38523e+06 0.0387867 0.093562 0.132095 0.1456
2.41413e+06 0.0402242 0.0972461 0.137348 0.1512
2.45291e+06 0.041589 0.100911 0.142513 0.1568
2.49286e+06 0.0430053 0.1045 0.147696 0.1624
2.53566e+06 0.0445445 0.108227 0.152846 0.168
2.56816e+06 0.0459023 0.111816 0.158065 0.1736
2.6095e+06 0.0473658 0.115607 0.1632 0.1792
2.64155e+06 0.0491219 0.119479 0.1684 0.1848
2.67792e+06 0.0505605 0.12312 0.173572 0.1904
2.71687e+06 0.0519533 0.126699 0.178718 0.196
2.75471e+06 0.0534436 0.130393 0.183883 0.2016
2.79545e+06 0.0548975 0.134029 0.18901 0.2072
2.83258e+06 0.0562317 0.137475 0.194044 0.2128
2.8658e+06 0.0574388 0.140659 0.19889 0.2184
2.89351e+06 0.058469 0.143383 0.203344 0.224
2.91884e+06 0.0595295 0.146371 0.208554 0.2296
2.90851e+06 0.0606083 0.151563 0.213717 0.2352
2.53351e+06 0.0556753 0.147312 0.222365 0.2408
1.76997e+06 0.0790771 0.168152 0.232397 0.2464
1.76601e+06 0.0796575 0.17104 0.23774 0.252
1.82764e+06 0.0813311 0.174856 0.242905 0.2576
1.8867e+06 0.0830064 0.178711 0.248089 0.2632
1.95557e+06 0.084544 0.182377 0.253211 0.2688
2.02163e+06 0.0860594 0.186037 0.258346 0.2744
2.0786e+06 0.0874779 0.189634 0.263518 0.28
2.13628e+06 0.0889932 0.193329 0.268696 0.2856
2.18412e+06 0.0904479 0.197019 0.273934 0.2912
2.24004e+06 0.0919733 0.200734 0.27913 0.2968
2.28877e+06 0.0934747 0.204433 0.284358 0.3024
2.32837e+06 0.0949171 0.208062 0.289618 0.308
2.37718e+06 0.0964115 0.211752 0.294842 0.3136
2.4339e+06 0.0978568 0.215366 0.300031 0.3192
2.48757e+06 0.0993335 0.219024 0.305232 0.3248
2.54061e+06 0.100805 0.222649 0.310431 0.3304
2.59184e+06 0.102381 0.226411 0.315648 0.336
2.65001e+06 0.103858 0.230026 0.320818 0.3416
2.7054e+06 0.105333 0.233646 0.325982 0.3472
2.75474e+06 0.106745 0.237187 0.331176 0.3528
2.80738e+06 0.108214 0.240781 0.336353 0.3584
2.85179e+06 0.109452 0.244016 0.341296 0.364
2.89042e+06 0.110647 0.24722 0.346493 0.3696
2.88865e+06 0.111816 0.252236 0.351759 0.3752
2.63291e+06 0.108572 0.24872 0.359882 0.3808
1.93662e+06 0.132979 0.27044 0.369889 0.3864
1.89542e+06 0.132792 0.271693 0.375965 0.392
